
2026/06/13 03:06:00 [32m/Users/shivamsingh/Desktop/Shivam/PortfolioDashboard/apps/core-api/internal/db/db.go:21 [33mSLOW SQL >= 200ms
[0m[31;1m[234.831ms] [33m[rows:1][35m SELECT count(*) FROM information_schema.tables WHERE table_schema = CURRENT_SCHEMA() AND table_name = 'users' AND table_type = 'BASE TABLE'[0m

2026/06/13 03:06:11 [31;1m [35;1mERROR: constraint "uni_universe_equities_ticker" of relation "universe_equities" does not exist (SQLSTATE 42704)
[0m[33m[59.416ms] [34;1m[rows:0][0m ALTER TABLE "universe_equities" DROP CONSTRAINT "uni_universe_equities_ticker"
2026/06/13 03:06:11 Failed to migrate database: ERROR: constraint "uni_universe_equities_ticker" of relation "universe_equities" does not exist (SQLSTATE 42704)
2026/06/13 03:06:11 Database connection established and migrated successfully.
2026/06/13 03:06:12 RabbitMQ connected and queues declared.
2026/06/13 03:06:13 Successfully authenticated with AngelOne API
2026/06/13 03:06:13 Starting IST Market Scanner (08:45, 10:00, 12:00, 14:00, 15:15)...
2026/06/13 03:06:13 Initial Scanner Wakeup. Fetching market data...
2026/06/13 03:06:13 Starting Order Poller (15-second intervals)...
2026/06/13 03:06:13 Scanner sleeping for 5h38m47s. Next run scheduled at: 08:45:00 IST
2026/06/13 03:06:13 Starting Background Fundamentals Miner (Yahoo Scraper)...
2026/06/13 03:06:13 Starting Automated IPO Sync (Runs daily at 02:00 IST)...
2026/06/13 03:06:13 Starting Go Gateway on :8080...
2026/06/13 03:06:13 Automated IPO Sync sleeping for 22h53m46.792139s. Next run at 2026-06-14 02:00:00 +0530 IST

2026/06/13 03:06:13 [31;1m/Users/shivamsingh/Desktop/Shivam/PortfolioDashboard/apps/core-api/internal/scraper/fundamentals.go:25 [35;1mERROR: column "updated_at" does not exist (SQLSTATE 42703)
[0m[33m[118.047ms] [34;1m[rows:0][0m SELECT * FROM "universe_equities" WHERE is_active = true ORDER BY updated_at ASC LIMIT 100
2026/06/13 03:06:13 Fundamentals Miner: Error fetching stocks: ERROR: column "updated_at" does not exist (SQLSTATE 42703)

2026/06/13 03:06:14 [32m/Users/shivamsingh/Desktop/Shivam/PortfolioDashboard/apps/core-api/internal/scanner/cron.go:133 [33mSLOW SQL >= 200ms
[0m[31;1m[296.799ms] [33m[rows:0][35m UPDATE "universe_equities" SET "last_price"=274.75 WHERE ticker = 'PETRONET-EQ'[0m

2026/06/13 03:06:28 [32m/Users/shivamsingh/Desktop/Shivam/PortfolioDashboard/apps/core-api/internal/scanner/order_poller.go:27 [33mSLOW SQL >= 200ms
[0m[31;1m[511.262ms] [33m[rows:0][35m SELECT * FROM "trade_logs" WHERE status = 'PENDING' AND "trade_logs"."deleted_at" IS NULL[0m

2026/06/13 03:06:43 [32m/Users/shivamsingh/Desktop/Shivam/PortfolioDashboard/apps/core-api/internal/paper/tracker.go:24 [33mSLOW SQL >= 200ms
[0m[31;1m[470.805ms] [33m[rows:0][35m SELECT * FROM "paper_trades" WHERE status = 'OPEN' AND "paper_trades"."deleted_at" IS NULL[0m

2026/06/13 03:06:44 [32m/Users/shivamsingh/Desktop/Shivam/PortfolioDashboard/apps/core-api/internal/scanner/cron.go:133 [33mSLOW SQL >= 200ms
[0m[31;1m[296.445ms] [33m[rows:0][35m UPDATE "universe_equities" SET "last_price"=200 WHERE ticker = '131NSETEST-EQ'[0m
2026/06/13 03:06:55 Successfully published live market scan batch (229 stocks) to queue

2026/06/13 03:08:56 [31;1m/Users/shivamsingh/Desktop/Shivam/PortfolioDashboard/apps/core-api/internal/handlers/screener.go:79 [35;1mERROR: column "promoter_holding" does not exist (SQLSTATE 42703)
[0m[33m[126.202ms] [34;1m[rows:0][0m SELECT * FROM "universe_equities" WHERE is_active = true AND (promoter_holding > 60) ORDER BY market_cap_val DESC NULLS LAST LIMIT 500

2026/06/13 03:09:36 [32m/Users/shivamsingh/Desktop/Shivam/PortfolioDashboard/apps/core-api/internal/handlers/screener.go:79 [33mSLOW SQL >= 200ms
[0m[31;1m[211.309ms] [33m[rows:0][35m SELECT * FROM "universe_equities" WHERE is_active = true AND (promoter_holding > 60) ORDER BY market_cap_val DESC NULLS LAST LIMIT 500[0m

2026/06/13 03:13:30 [32m/Users/shivamsingh/Desktop/Shivam/PortfolioDashboard/apps/core-api/internal/handlers/screener.go:79 [33mSLOW SQL >= 200ms
[0m[31;1m[226.829ms] [33m[rows:14][35m SELECT * FROM "universe_equities" WHERE is_active = true AND (promoter_holding > 60 AND roe > 15) ORDER BY market_cap_val DESC NULLS LAST LIMIT 500[0m

2026/06/13 03:16:13 [31;1m/Users/shivamsingh/Desktop/Shivam/PortfolioDashboard/apps/core-api/internal/scraper/fundamentals.go:25 [35;1mERROR: column "updated_at" does not exist (SQLSTATE 42703)
[0m[33m[76.380ms] [34;1m[rows:0][0m SELECT * FROM "universe_equities" WHERE is_active = true ORDER BY updated_at ASC LIMIT 100
2026/06/13 03:16:13 Fundamentals Miner: Error fetching stocks: ERROR: column "updated_at" does not exist (SQLSTATE 42703)
2026/06/13 03:21:13 Starting 15m Crypto Scanner batch...
2026/06/13 03:21:13 Successfully published Crypto scan batch (8 pairs) to queue

2026/06/13 03:26:13 [31;1m/Users/shivamsingh/Desktop/Shivam/PortfolioDashboard/apps/core-api/internal/scraper/fundamentals.go:25 [35;1mERROR: column "updated_at" does not exist (SQLSTATE 42703)
[0m[33m[77.049ms] [34;1m[rows:0][0m SELECT * FROM "universe_equities" WHERE is_active = true ORDER BY updated_at ASC LIMIT 100
2026/06/13 03:26:13 Fundamentals Miner: Error fetching stocks: ERROR: column "updated_at" does not exist (SQLSTATE 42703)
2026/06/13 03:36:13 Starting 15m Crypto Scanner batch...

2026/06/13 03:36:13 [31;1m/Users/shivamsingh/Desktop/Shivam/PortfolioDashboard/apps/core-api/internal/scraper/fundamentals.go:25 [35;1mERROR: column "updated_at" does not exist (SQLSTATE 42703)
[0m[33m[65.377ms] [34;1m[rows:0][0m SELECT * FROM "universe_equities" WHERE is_active = true ORDER BY updated_at ASC LIMIT 100
2026/06/13 03:36:13 Fundamentals Miner: Error fetching stocks: ERROR: column "updated_at" does not exist (SQLSTATE 42703)
2026/06/13 03:36:13 Successfully published Crypto scan batch (8 pairs) to queue

2026/06/13 03:46:13 [31;1m/Users/shivamsingh/Desktop/Shivam/PortfolioDashboard/apps/core-api/internal/scraper/fundamentals.go:25 [35;1mERROR: column "updated_at" does not exist (SQLSTATE 42703)
[0m[33m[75.532ms] [34;1m[rows:0][0m SELECT * FROM "universe_equities" WHERE is_active = true ORDER BY updated_at ASC LIMIT 100
2026/06/13 03:46:13 Fundamentals Miner: Error fetching stocks: ERROR: column "updated_at" does not exist (SQLSTATE 42703)
